初始一阶 16 条已测，sigma 96.48，rho 已用 0.001719/0.030557
轮 1 选 ('attr_4', 'attr_6') sigma 96.48 动量 10030/308 rho 0.001838/0.030557
轮 2 选 ('attr_5', 'attr_14') sigma 96.48 动量 9974/308 rho 0.001958/0.030557
轮 3 选 ('attr_6', 'attr_8') sigma 96.48 动量 8976/308 rho 0.002077/0.030557
轮 4 选 ('attr_7', 'attr_8') sigma 96.48 动量 8726/308 rho 0.002196/0.030557
轮 5 选 ('attr_7', 'attr_9') sigma 96.48 动量 7936/308 rho 0.002316/0.030557
轮 6 选 ('attr_14', 'attr_15') sigma 96.48 动量 8968/308 rho 0.002435/0.030557
轮 7 选 ('attr_11', 'attr_15') sigma 96.48 动量 6806/308 rho 0.002554/0.030557
轮 8 选 ('attr_12', 'attr_14') sigma 96.48 动量 7750/308 rho 0.002674/0.030557
轮 9 选 ('attr_4', 'attr_5') sigma 96.48 动量 7372/308 rho 0.002793/0.030557
轮 10 选 ('attr_6', 'attr_10') sigma 96.48 动量 7266/308 rho 0.002912/0.030557
轮 11 选 ('attr_11', 'attr_13') sigma 96.48 动量 6158/308 rho 0.003032/0.030557
轮 12 选 ('attr_7', 'attr_13') sigma 96.48 动量 6088/308 rho 0.003151/0.030557
轮 13 选 ('attr_2', 'attr_7') sigma 96.48 动量 5550/308 rho 0.003271/0.030557
轮 14 选 ('attr_3', 'attr_6') sigma 96.48 动量 5710/308 rho 0.003390/0.030557
轮 15 选 ('attr_1', 'attr_3') sigma 96.48 动量 5696/308 rho 0.003509/0.030557
轮 16 选 ('attr_10', 'attr_14') sigma 96.48 动量 5104/308 rho 0.003629/0.030557
轮 17 选 ('attr_6', 'attr_12') sigma 96.48 动量 4574/308 rho 0.003748/0.030557
轮 18 选 ('attr_9', 'attr_14') sigma 96.48 动量 5072/308 rho 0.003867/0.030557
轮 19 选 ('attr_3', 'attr_16') sigma 96.48 动量 2856/308 rho 0.003987/0.030557
轮 20 选 ('attr_15', 'attr_16') sigma 96.48 动量 4038/308 rho 0.004106/0.030557
轮 21 选 ('attr_13', 'attr_16') sigma 96.48 动量 3396/308 rho 0.004225/0.030557
轮 22 选 ('attr_2', 'attr_12') sigma 96.48 动量 2988/308 rho 0.004345/0.030557
轮 23 选 ('attr_8', 'attr_15') sigma 96.48 动量 3754/308 rho 0.004464/0.030557
轮 24 选 ('attr_1', 'attr_7') sigma 96.48 动量 3110/308 rho 0.004583/0.030557
轮 25 选 ('attr_12', 'attr_13') sigma 96.48 动量 3362/308 rho 0.004703/0.030557
轮 26 选 ('attr_5', 'attr_10') sigma 96.48 动量 1838/308 rho 0.004822/0.030557
轮 27 选 ('attr_8', 'attr_10') sigma 96.48 动量 2070/308 rho 0.004942/0.030557
轮 28 选 ('attr_3', 'attr_7') sigma 96.48 动量 1726/308 rho 0.005061/0.030557
轮 29 选 ('attr_6', 'attr_16') sigma 96.48 动量 418/308 rho 0.005180/0.030557
轮 30 选 ('attr_11', 'attr_12') sigma 96.48 动量 2006/308 rho 0.005300/0.030557
轮 31 选 ('attr_4', 'attr_8') sigma 96.48 动量 566/308 rho 0.005419/0.030557
轮 32 选 ('attr_4', 'attr_7') sigma 96.48 动量 1142/308 rho 0.005538/0.030557
轮 33 选 ('attr_1', 'attr_2') sigma 96.48 动量 1458/308 rho 0.005658/0.030557
轮 34 选 ('attr_1', 'attr_16') sigma 96.48 动量 1200/308 rho 0.005777/0.030557
轮 35 选 ('attr_8', 'attr_9') sigma 96.48 动量 1124/308 rho 0.005896/0.030557
轮 36 选 ('attr_9', 'attr_11') sigma 96.48 动量 1504/308 rho 0.006016/0.030557
轮 37 选 ('attr_9', 'attr_16') sigma 96.48 动量 1486/308 rho 0.006135/0.030557
轮 38 选 ('attr_6', 'attr_12') sigma 96.48 动量 98/308 rho 0.006255/0.030557 加码
轮 39 选 ('attr_2', 'attr_3') sigma 48.24 动量 1348/154 rho 0.006732/0.030557
轮 40 选 ('attr_5', 'attr_8') sigma 48.24 动量 412/154 rho 0.007209/0.030557
轮 41 选 ('attr_11', 'attr_14') sigma 48.24 动量 1044/154 rho 0.007687/0.030557
轮 42 选 ('attr_6', 'attr_7') sigma 48.24 动量 528/154 rho 0.008164/0.030557
轮 43 选 ('attr_10', 'attr_12') sigma 48.24 动量 1064/154 rho 0.008642/0.030557
轮 44 选 ('attr_9', 'attr_12') sigma 48.24 动量 396/154 rho 0.009119/0.030557
轮 45 选 ('attr_5', 'attr_8') sigma 48.24 动量 32/154 rho 0.009597/0.030557 加码
轮 46 选 ('attr_2', 'attr_13') sigma 24.12 动量 1234/77 rho 0.011506/0.030557
轮 47 选 ('attr_12', 'attr_15') sigma 24.12 动量 708/77 rho 0.013416/0.030557
轮 48 选 ('attr_9', 'attr_15') sigma 24.12 动量 756/77 rho 0.015326/0.030557
轮 49 选 ('attr_2', 'attr_16') sigma 24.12 动量 934/77 rho 0.017236/0.030557
轮 50 选 ('attr_3', 'attr_4') sigma 24.12 动量 694/77 rho 0.019146/0.030557
轮 51 选 ('attr_1', 'attr_3') sigma 24.12 动量 160/77 rho 0.021055/0.030557
轮 52 选 ('attr_4', 'attr_10') sigma 24.12 动量 924/77 rho 0.022965/0.030557
轮 53 选 ('attr_4', 'attr_12') sigma 24.12 动量 700/77 rho 0.024875/0.030557
轮 54 选 ('attr_8', 'attr_12') sigma 24.12 动量 728/77 rho 0.026785/0.030557
轮 55 选 ('attr_9', 'attr_10') sigma 17.16 动量 390/55 rho 0.030557/0.030557 末轮
收官，共 55 轮，墙钟 10299 秒,终表 results/nltcs_eps1_aimsel_seed2.csv
