初始一阶 16 条已测，sigma 96.48，rho 已用 0.001719/0.030557
轮 1 选 ('attr_5', 'attr_14') sigma 96.48 动量 9560/308 rho 0.001838/0.030557
轮 2 选 ('attr_4', 'attr_6') sigma 96.48 动量 9936/308 rho 0.001958/0.030557
轮 3 选 ('attr_9', 'attr_13') sigma 96.48 动量 6578/308 rho 0.002077/0.030557
轮 4 选 ('attr_14', 'attr_15') sigma 96.48 动量 9280/308 rho 0.002196/0.030557
轮 5 选 ('attr_7', 'attr_8') sigma 96.48 动量 9118/308 rho 0.002316/0.030557
轮 6 选 ('attr_12', 'attr_14') sigma 96.48 动量 7946/308 rho 0.002435/0.030557
轮 7 选 ('attr_6', 'attr_8') sigma 96.48 动量 8884/308 rho 0.002554/0.030557
轮 8 选 ('attr_8', 'attr_9') sigma 96.48 动量 8072/308 rho 0.002674/0.030557
轮 9 选 ('attr_6', 'attr_10') sigma 96.48 动量 7958/308 rho 0.002793/0.030557
轮 10 选 ('attr_3', 'attr_8') sigma 96.48 动量 5554/308 rho 0.002912/0.030557
轮 11 选 ('attr_5', 'attr_6') sigma 96.48 动量 7128/308 rho 0.003032/0.030557
轮 12 选 ('attr_11', 'attr_14') sigma 96.48 动量 6732/308 rho 0.003151/0.030557
轮 13 选 ('attr_8', 'attr_12') sigma 96.48 动量 5670/308 rho 0.003271/0.030557
轮 14 选 ('attr_2', 'attr_3') sigma 96.48 动量 5762/308 rho 0.003390/0.030557
轮 15 选 ('attr_11', 'attr_13') sigma 96.48 动量 6438/308 rho 0.003509/0.030557
轮 16 选 ('attr_13', 'attr_16') sigma 96.48 动量 4846/308 rho 0.003629/0.030557
轮 17 选 ('attr_7', 'attr_14') sigma 96.48 动量 3594/308 rho 0.003748/0.030557
轮 18 选 ('attr_2', 'attr_9') sigma 96.48 动量 3984/308 rho 0.003867/0.030557
轮 19 选 ('attr_13', 'attr_15') sigma 96.48 动量 4268/308 rho 0.003987/0.030557
轮 20 选 ('attr_1', 'attr_7') sigma 96.48 动量 4176/308 rho 0.004106/0.030557
轮 21 选 ('attr_12', 'attr_13') sigma 96.48 动量 2522/308 rho 0.004225/0.030557
轮 22 选 ('attr_7', 'attr_9') sigma 96.48 动量 3032/308 rho 0.004345/0.030557
轮 23 选 ('attr_4', 'attr_5') sigma 96.48 动量 3710/308 rho 0.004464/0.030557
轮 24 选 ('attr_7', 'attr_10') sigma 96.48 动量 2526/308 rho 0.004583/0.030557
轮 25 选 ('attr_10', 'attr_12') sigma 96.48 动量 3140/308 rho 0.004703/0.030557
轮 26 选 ('attr_2', 'attr_12') sigma 96.48 动量 1468/308 rho 0.004822/0.030557
轮 27 选 ('attr_5', 'attr_10') sigma 96.48 动量 2690/308 rho 0.004942/0.030557
轮 28 选 ('attr_3', 'attr_4') sigma 96.48 动量 2910/308 rho 0.005061/0.030557
轮 29 选 ('attr_1', 'attr_3') sigma 96.48 动量 3128/308 rho 0.005180/0.030557
轮 30 选 ('attr_3', 'attr_6') sigma 96.48 动量 2164/308 rho 0.005300/0.030557
轮 31 选 ('attr_9', 'attr_16') sigma 96.48 动量 1584/308 rho 0.005419/0.030557
轮 32 选 ('attr_12', 'attr_15') sigma 96.48 动量 1208/308 rho 0.005538/0.030557
轮 33 选 ('attr_7', 'attr_15') sigma 96.48 动量 1534/308 rho 0.005658/0.030557
轮 34 选 ('attr_3', 'attr_13') sigma 96.48 动量 1098/308 rho 0.005777/0.030557
轮 35 选 ('attr_6', 'attr_9') sigma 96.48 动量 838/308 rho 0.005896/0.030557
轮 36 选 ('attr_2', 'attr_16') sigma 96.48 动量 1362/308 rho 0.006016/0.030557
轮 37 选 ('attr_5', 'attr_8') sigma 96.48 动量 540/308 rho 0.006135/0.030557
轮 38 选 ('attr_9', 'attr_14') sigma 96.48 动量 1122/308 rho 0.006255/0.030557
轮 39 选 ('attr_4', 'attr_9') sigma 96.48 动量 82/308 rho 0.006374/0.030557 加码
轮 40 选 ('attr_6', 'attr_15') sigma 48.24 动量 1428/154 rho 0.006851/0.030557
轮 41 选 ('attr_1', 'attr_13') sigma 48.24 动量 1252/154 rho 0.007329/0.030557
轮 42 选 ('attr_3', 'attr_7') sigma 48.24 动量 1156/154 rho 0.007806/0.030557
轮 43 选 ('attr_11', 'attr_15') sigma 48.24 动量 1230/154 rho 0.008284/0.030557
轮 44 选 ('attr_4', 'attr_11') sigma 48.24 动量 908/154 rho 0.008761/0.030557
轮 45 选 ('attr_6', 'attr_15') sigma 48.24 动量 16/154 rho 0.009239/0.030557 加码
轮 46 选 ('attr_11', 'attr_12') sigma 24.12 动量 1462/77 rho 0.011148/0.030557
轮 47 选 ('attr_1', 'attr_2') sigma 24.12 动量 1054/77 rho 0.013058/0.030557
轮 48 选 ('attr_8', 'attr_10') sigma 24.12 动量 692/77 rho 0.014968/0.030557
轮 49 选 ('attr_15', 'attr_16') sigma 24.12 动量 302/77 rho 0.016878/0.030557
轮 50 选 ('attr_2', 'attr_7') sigma 24.12 动量 484/77 rho 0.018788/0.030557
轮 51 选 ('attr_4', 'attr_7') sigma 24.12 动量 860/77 rho 0.020697/0.030557
轮 52 选 ('attr_7', 'attr_11') sigma 24.12 动量 582/77 rho 0.022607/0.030557
轮 53 选 ('attr_5', 'attr_12') sigma 24.12 动量 818/77 rho 0.024517/0.030557
轮 54 选 ('attr_1', 'attr_16') sigma 24.12 动量 516/77 rho 0.026427/0.030557
轮 55 选 ('attr_7', 'attr_13') sigma 24.12 动量 620/77 rho 0.028336/0.030557
轮 56 选 ('attr_6', 'attr_7') sigma 22.37 动量 912/71 rho 0.030557/0.030557 末轮
收官，共 56 轮，墙钟 2842 秒,终表 results/nltcs_eps1_aimsel_seed3.csv
